// Jest Snapshot v1, https://goo.gl/fbAQLP

exports[`renders correctly 1`] = `
<DocumentFragment>
  <button
    class="css-1tyjqqv icon-button animated-icon-button   ub-pst_relative ub-f-wght_400 ub-dspl_flex ub-algn-itms_center ub-flx-wrap_nowrap ub-just-cnt_center ub-txt-deco_none ub-ver-algn_middle ub-b-btm_1px-solid-transparent ub-b-lft_1px-solid-transparent ub-b-rgt_1px-solid-transparent ub-b-top_1px-solid-transparent ub-otln_iu2jf4 ub-usr-slct_none ub-crsr_pointer ub-wht-spc_nowrap ub-fnt-fam_b77syt ub-bblr_3px ub-bbrr_3px ub-btlr_3px ub-btrr_3px ub-color_474d66 ub-tstn_n1akt6 ub-h_32px ub-min-w_32px ub-fnt-sze_12px ub-ln-ht_16px ub-pl_0px ub-pr_0px ub-bg-clr_transparent ub-pb_0px ub-pt_0px ub-w_32px ub-ltr-spc_0 ub-box-szg_border-box"
  >
    <div
      class="ub-dspl_inline-flex ub-box-szg_border-box"
    >
      <svg
        class="css-c4d79v ub-w_18px ub-h_18px ub-box-szg_border-box"
        data-icon="cross"
        viewBox="0 0 16 16"
      >
        <path
          d="M9.41 8l3.29-3.29c.19-.18.3-.43.3-.71a1.003 1.003 0 00-1.71-.71L8 6.59l-3.29-3.3a1.003 1.003 0 00-1.42 1.42L6.59 8 3.3 11.29c-.19.18-.3.43-.3.71a1.003 1.003 0 001.71.71L8 9.41l3.29 3.29c.18.19.43.3.71.3a1.003 1.003 0 00.71-1.71L9.41 8z"
          fill-rule="evenodd"
        />
      </svg>
    </div>
  </button>
</DocumentFragment>
`;
