// Jest Snapshot v1, https://goo.gl/fbAQLP

exports[`renders panel correctly 1`] = `
<DocumentFragment>
  <div
    class="ub-min-w_350px ub-box-szg_border-box"
  >
    <div
      class="ub-b-btm_1px-solid-E6E8F0 ub-dspl_flex ub-algn-itms_center ub-just-cnt_center ub-h_62px ub-box-szg_border-box"
    >
      <img
        alt="logo"
        class="logo"
        src="icons/magnet-256.png"
      />
      <h2
        class="cursor-default ub-mt_0px ub-mb_0px ub-color_333 ub-fnt-fam_v92vt9 ub-f-wght_bold ub-fnt-sze_18px ub-ln-ht_24px ub-ltr-spc_-0-07px ub-box-szg_border-box"
      >
        appName
      </h2>
    </div>
    <div
      class="ub-dspl_flex ub-pb_20px ub-pl_16px ub-pr_16px ub-pt_20px ub-box-szg_border-box"
    >
      <div
        class="ub-dspl_flex ub-algn-itms_center ub-flx_1 ub-box-szg_border-box"
      >
        <span
          class="cursor-default ub-fnt-sze_14px ub-f-wght_400 ub-ln-ht_20px ub-ltr-spc_-0-05px ub-fnt-fam_b77syt ub-color_474d66 ub-box-szg_border-box"
        >
          status
        </span>
      </div>
      <div
        class="ub-dspl_flex ub-algn-itms_center ub-mr_0px ub-box-szg_border-box"
      >
        <label
          class="ub-dspl_block ub-w_44px ub-pst_relative ub-box-szg_border-box"
        >
          <input
            checked=""
            class="css-1yog12j ub-b-btm_0 ub-b-lft_0 ub-b-rgt_0 ub-b-top_0 ub-h_1px ub-ovflw-x_hidden ub-ovflw-y_hidden ub-pb_0 ub-pl_0 ub-pr_0 ub-pt_0 ub-pst_absolute ub-wht-spc_nowrap ub-w_1px ub-opct_0 ub-box-szg_border-box"
            type="checkbox"
          />
          <div
            class="ub-h_22px ub-w_44px ub-bblr_9999px ub-bbrr_9999px ub-btlr_9999px ub-btrr_9999px ub-crsr_pointer ub-box-szg_border-box"
          >
            <div
              class="css-17bhmw6 ub-h_22px ub-w_22px ub-box-szg_border-box"
              data-checked="true"
            />
            <div
              class="css-1rprxtl ub-w_44px ub-dspl_flex ub-box-szg_border-box"
              data-checked="true"
            >
              <div
                class="ub-flx_1 ub-pb_2px ub-pl_2px ub-pr_2px ub-pt_2px ub-box-szg_border-box"
              >
                <div
                  class="css-13qcn8a ub-w_18px ub-h_18px ub-box-szg_border-box"
                />
              </div>
            </div>
          </div>
        </label>
      </div>
    </div>
    <div
      class="ub-dspl_flex ub-pb_20px ub-pl_16px ub-pr_16px ub-box-szg_border-box"
    >
      <div
        class="ub-dspl_flex ub-algn-itms_center ub-flx_1 ub-box-szg_border-box"
      >
        <span
          class="cursor-default ub-fnt-sze_14px ub-f-wght_400 ub-ln-ht_20px ub-ltr-spc_-0-05px ub-fnt-fam_b77syt ub-color_474d66 ub-box-szg_border-box"
        >
          mode
        </span>
      </div>
      <div
        class="ub-dspl_flex ub-algn-itms_center ub-box-szg_border-box"
      >
        <div
          class="css-l6zppx ub-dspl_inline-flex ub-max-w_260px ub-box-szg_border-box"
          role="group"
        >
          <button
            class="css-12b25td ub-pst_relative ub-f-wght_500 ub-dspl_inline-flex ub-algn-itms_center ub-flx-wrap_nowrap ub-just-cnt_center ub-txt-deco_none ub-ver-algn_middle ub-b-btm_1px-solid-c1c4d6 ub-b-lft_1px-solid-c1c4d6 ub-b-rgt_1px-solid-c1c4d6 ub-b-top_1px-solid-c1c4d6 ub-otln_iu2jf4 ub-usr-slct_none ub-crsr_pointer ub-wht-spc_nowrap ub-fnt-fam_b77syt ub-bblr_4px ub-bbrr_4px ub-btlr_4px ub-btrr_4px ub-color_474d66 ub-tstn_n1akt6 ub-h_32px ub-min-w_32px ub-fnt-sze_12px ub-ln-ht_32px ub-pl_16px ub-pr_16px ub-bg-clr_white ub-box-szg_border-box"
            data-checked="false"
          >
            blacklist
          </button>
          <button
            class="css-12b25td ub-pst_relative ub-f-wght_500 ub-dspl_inline-flex ub-algn-itms_center ub-flx-wrap_nowrap ub-just-cnt_center ub-txt-deco_none ub-ver-algn_middle ub-b-btm_1px-solid-c1c4d6 ub-b-lft_1px-solid-c1c4d6 ub-b-rgt_1px-solid-c1c4d6 ub-b-top_1px-solid-c1c4d6 ub-otln_iu2jf4 ub-usr-slct_none ub-crsr_pointer ub-wht-spc_nowrap ub-fnt-fam_b77syt ub-bblr_4px ub-bbrr_4px ub-btlr_4px ub-btrr_4px ub-color_474d66 ub-tstn_n1akt6 ub-h_32px ub-min-w_32px ub-fnt-sze_12px ub-ln-ht_32px ub-pl_16px ub-pr_16px ub-bg-clr_white ub-box-szg_border-box"
            data-checked="false"
          >
            whitelist
          </button>
          <button
            class="css-12b25td ub-pst_relative ub-f-wght_500 ub-dspl_inline-flex ub-algn-itms_center ub-flx-wrap_nowrap ub-just-cnt_center ub-txt-deco_none ub-ver-algn_middle ub-b-btm_1px-solid-c1c4d6 ub-b-lft_1px-solid-c1c4d6 ub-b-rgt_1px-solid-c1c4d6 ub-b-top_1px-solid-c1c4d6 ub-otln_iu2jf4 ub-usr-slct_none ub-crsr_pointer ub-wht-spc_nowrap ub-fnt-fam_b77syt ub-bblr_4px ub-bbrr_4px ub-btlr_4px ub-btrr_4px ub-color_474d66 ub-tstn_n1akt6 ub-h_32px ub-min-w_32px ub-fnt-sze_12px ub-ln-ht_32px ub-pl_16px ub-pr_16px ub-bg-clr_white ub-box-szg_border-box"
            data-checked="false"
          >
            combined
          </button>
        </div>
      </div>
    </div>
    <div
      class="ub-b-top_1px-solid-E6E8F0 ub-dspl_flex ub-pl_16px ub-pr_16px ub-pb_10px ub-pt_10px ub-algn-itms_center ub-just-cnt_space-between ub-box-szg_border-box"
    >
      <div
        class="ub-dspl_flex ub-gap_10px ub-box-szg_border-box"
      >
        <button
          aria-describedby="evergreen-tooltip-1"
          class="css-1tyjqqv icon-button fill-grey ub-pst_relative ub-f-wght_400 ub-dspl_flex ub-algn-itms_center ub-flx-wrap_nowrap ub-just-cnt_center ub-txt-deco_none ub-ver-algn_middle ub-b-btm_1px-solid-transparent ub-b-lft_1px-solid-transparent ub-b-rgt_1px-solid-transparent ub-b-top_1px-solid-transparent ub-otln_iu2jf4 ub-usr-slct_none ub-crsr_pointer ub-wht-spc_nowrap ub-fnt-fam_b77syt ub-bblr_3px ub-bbrr_3px ub-btlr_3px ub-btrr_3px ub-color_474d66 ub-tstn_n1akt6 ub-h_32px ub-min-w_32px ub-fnt-sze_12px ub-ln-ht_16px ub-pl_0 ub-pr_0 ub-bg-clr_transparent ub-pb_0 ub-pt_0 ub-w_32px ub-ltr-spc_0 ub-box-szg_border-box"
        >
          <div
            class="ub-dspl_inline-flex ub-box-szg_border-box"
          >
            <svg
              class="css-1wyorxj ub-w_20px ub-h_20px ub-box-szg_border-box"
              data-icon="cog"
              viewBox="0 0 20 20"
            >
              <path
                d="M19 8h-2.31c-.14-.46-.33-.89-.56-1.3l1.7-1.7a.996.996 0 000-1.41l-1.41-1.41a.996.996 0 00-1.41 0l-1.7 1.7c-.41-.22-.84-.41-1.3-.55V1c0-.55-.45-1-1-1H9c-.55 0-1 .45-1 1v2.33c-.48.14-.94.34-1.37.58L5 2.28a.972.972 0 00-1.36 0L2.28 3.64c-.37.38-.37.99 0 1.36L3.9 6.62c-.24.44-.44.89-.59 1.38H1c-.55 0-1 .45-1 1v2c0 .55.45 1 1 1h2.31c.14.46.33.89.56 1.3L2.17 15a.996.996 0 000 1.41l1.41 1.41c.39.39 1.02.39 1.41 0l1.7-1.7c.41.22.84.41 1.3.55V19c0 .55.45 1 1 1h2c.55 0 1-.45 1-1v-2.33c.48-.14.94-.35 1.37-.59L15 17.72c.37.37.98.37 1.36 0l1.36-1.36c.37-.37.37-.98 0-1.36l-1.62-1.62c.24-.43.45-.89.6-1.38H19c.55 0 1-.45 1-1V9c0-.55-.45-1-1-1zm-9 6c-2.21 0-4-1.79-4-4s1.79-4 4-4 4 1.79 4 4-1.79 4-4 4z"
                fill-rule="evenodd"
              />
            </svg>
          </div>
        </button>
        <button
          aria-describedby="evergreen-tooltip-2"
          class="css-1tyjqqv icon-button fill-grey ub-pst_relative ub-f-wght_400 ub-dspl_flex ub-algn-itms_center ub-flx-wrap_nowrap ub-just-cnt_center ub-txt-deco_none ub-ver-algn_middle ub-b-btm_1px-solid-transparent ub-b-lft_1px-solid-transparent ub-b-rgt_1px-solid-transparent ub-b-top_1px-solid-transparent ub-otln_iu2jf4 ub-usr-slct_none ub-crsr_pointer ub-wht-spc_nowrap ub-fnt-fam_b77syt ub-bblr_3px ub-bbrr_3px ub-btlr_3px ub-btrr_3px ub-color_474d66 ub-tstn_n1akt6 ub-h_32px ub-min-w_32px ub-fnt-sze_12px ub-ln-ht_16px ub-pl_0 ub-pr_0 ub-bg-clr_transparent ub-pb_0 ub-pt_0 ub-w_32px ub-ltr-spc_0 ub-box-szg_border-box"
        >
          <div
            class="ub-dspl_inline-flex ub-box-szg_border-box"
          >
            <svg
              class="css-1wyorxj ub-w_20px ub-h_20px ub-box-szg_border-box"
              data-icon="issue-new"
              viewBox="0 0 20 20"
            >
              <path
                d="M13.167.512a2.98 2.98 0 00-.131.524c-.74.115-1.39.5-1.848 1.052a8 8 0 106.724 6.724 2.997 2.997 0 001.052-1.848 2.98 2.98 0 00.524-.13A9.99 9.99 0 0120 10c0 5.523-4.477 10-10 10S0 15.523 0 10 4.477 0 10 0a9.99 9.99 0 013.167.512zM11 16H9v-2h2v2zm0-3H9V4h2v9zm6-10h1.5a1 1 0 010 2H17v1.5a1 1 0 01-2 0V5h-1.5a1 1 0 010-2H15V1.5a1 1 0 012 0V3z"
                fill-rule="evenodd"
              />
            </svg>
          </div>
        </button>
      </div>
      <div
        class="ub-box-szg_border-box"
      />
    </div>
  </div>
</DocumentFragment>
`;
