// Jest Snapshot v1, https://goo.gl/fbAQLP

exports[`renders correctly 1`] = `
<DocumentFragment>
  <div
    class="ub-dspl_flex ub-box-szg_border-box"
  >
    <div
      class="ub-dspl_flex ub-algn-itms_center ub-flx_1 ub-box-szg_border-box"
    >
      <span
        class="ub-fnt-sze_14px ub-f-wght_400 ub-ln-ht_20px ub-ltr-spc_-0-05px ub-fnt-fam_b77syt ub-color_474d66 ub-box-szg_border-box"
      />
    </div>
    <div
      class="ub-dspl_flex ub-algn-itms_center ub-box-szg_border-box"
    >
      <div
        class="ub-box-szg_border-box"
      >
        <div
          class="ub-dspl_flex ub-box-szg_border-box"
        >
          <div
            class="ub-dspl_flex ub-algn-itms_center ub-flx_1 ub-pst_relative ub-box-szg_border-box"
          >
            <input
              aria-invalid="false"
              class="css-12rdf6g ub-w_100prcnt ub-fnt-fam_b77syt ub-b-btm_1px-solid-transparent ub-b-lft_1px-solid-transparent ub-b-rgt_1px-solid-transparent ub-b-top_1px-solid-transparent ub-otln_iu2jf4 ub-txt-deco_none ub-bblr_3px ub-bbrr_4px ub-btlr_3px ub-btrr_4px ub-ln-ht_16px ub-fnt-sze_12px ub-color_474d66 ub-pl_12px ub-pr_40px ub-tstn_n1akt6 ub-h_32px ub-bg-clr_white ub-b-btm-clr_d8dae5 ub-b-lft-clr_d8dae5 ub-b-rgt-clr_d8dae5 ub-b-top-clr_d8dae5 ub-box-szg_border-box"
              spellcheck="true"
              type="password"
              value="p@ssword"
            />
            <button
              class="css-1tyjqqv password-toggle ub-pst_relative ub-f-wght_400 ub-dspl_inline-flex ub-algn-itms_center ub-flx-wrap_nowrap ub-just-cnt_center ub-txt-deco_none ub-ver-algn_middle ub-b-btm_1px-solid-transparent ub-b-lft_1px-solid-transparent ub-b-rgt_1px-solid-transparent ub-b-top_1px-solid-transparent ub-otln_iu2jf4 ub-usr-slct_none ub-crsr_pointer ub-wht-spc_nowrap ub-fnt-fam_b77syt ub-bblr_4px ub-bbrr_4px ub-btlr_4px ub-btrr_4px ub-color_474d66 ub-tstn_n1akt6 ub-h_32px ub-min-w_32px ub-fnt-sze_12px ub-ln-ht_16px ub-pl_20px ub-pr_20px ub-bg-clr_transparent ub-flx_none ub-w_32px ub-ltr-spc_0 ub-box-szg_border-box"
            >
              <div
                class="ub-dspl_inline-flex ub-box-szg_border-box"
              >
                <svg
                  class="css-178dftq ub-w_18px ub-h_18px ub-box-szg_border-box"
                  data-icon="eye-open"
                  viewBox="0 0 16 16"
                >
                  <path
                    d="M8.002 7.003a1.003 1.003 0 000 2.005 1.003 1.003 0 000-2.005zm7.988.972v-.02-.01-.02-.02a.675.675 0 00-.17-.36c-.509-.673-1.118-1.264-1.737-1.806-1.328-1.173-2.846-2.155-4.523-2.546a6.702 6.702 0 00-2.925-.06c-.889.18-1.738.541-2.546.992C2.84 4.837 1.692 5.81.694 6.902c-.18.211-.36.411-.53.632a.742.742 0 000 .932c.51.672 1.119 1.264 1.738 1.805 1.328 1.173 2.846 2.156 4.523 2.547.968.23 1.947.24 2.925.04.889-.18 1.738-.542 2.546-.993 1.248-.712 2.397-1.684 3.395-2.777.18-.2.37-.411.54-.632.09-.1.149-.23.169-.36v-.02-.02-.01-.02-.03c0-.01-.01-.01-.01-.02zm-7.988 3.038a2.998 2.998 0 01-2.995-3.008 2.998 2.998 0 012.995-3.008 2.998 2.998 0 012.996 3.008 2.998 2.998 0 01-2.996 3.008z"
                    fill-rule="evenodd"
                  />
                </svg>
              </div>
            </button>
          </div>
        </div>
      </div>
    </div>
  </div>
</DocumentFragment>
`;
