// Jest Snapshot v1, https://goo.gl/fbAQLP

exports[`renders correctly 1`] = `
<DocumentFragment>
  <div
    class="css-nil ub-b-top_1px-solid-E4E7EB ub-b-rgt_1px-solid-E4E7EB ub-b-btm_1px-solid-E4E7EB ub-b-lft_1px-solid-E4E7EB ub-box-szg_border-box"
  >
    <div
      class="css-nil ub-b-btm_1px-solid-E4E7EB ub-bg_1eozcqw ub-dspl_flex ub-flx-srnk_0 ub-pr_0px ub-h_32px ub-box-szg_border-box"
    >
      <div
        class="css-saeo60 css-nil ub-pl_12px ub-pr_12px ub-box-szg_border-box ub-flx_1 ub-dspl_flex ub-algn-itms_center ub-flx-srnk_0 ub-ovflw-x_visible ub-ovflw-y_visible"
      >
        <div
          class="ub-dspl_inline-flex ub-ml_2px ub-mr_10px ub-box-szg_border-box"
        >
          <svg
            class="ub-w_12px ub-h_12px ub-box-szg_border-box"
            data-icon="search"
            style="fill: #7B8B9A;"
            viewBox="0 0 16 16"
          >
            <path
              d="M15.55 13.43l-2.67-2.68a6.94 6.94 0 001.11-3.76c0-3.87-3.13-7-7-7s-7 3.13-7 7 3.13 7 7 7c1.39 0 2.68-.42 3.76-1.11l2.68 2.67a1.498 1.498 0 102.12-2.12zm-8.56-1.44c-2.76 0-5-2.24-5-5s2.24-5 5-5 5 2.24 5 5-2.24 5-5 5z"
              fill-rule="evenodd"
            />
          </svg>
        </div>
        <input
          class="css-q4k7k7 ub-color_425A70 ub-fnt-fam_b77syt ub-fnt-sze_12px ub-f-wght_500 ub-ln-ht_16px ub-ltr-spc_0 ub-flx_1 ub-ml_-2px ub-pl_0px ub-box-szg_border-box"
          placeholder="filter..."
          spellcheck="true"
          value=""
        />
      </div>
      <div
        class="css-saeo60 css-nil ub-pl_12px ub-pr_12px ub-box-szg_border-box ub-flx_none ub-dspl_flex ub-algn-itms_center ub-flx-srnk_0 ub-ovflw-x_visible ub-ovflw-y_visible"
      >
        <button
          aria-haspopup="true"
          class="css-1jc84p9 ub-color_425A70 ub-fnt-fam_b77syt ub-mt_-2px ub-fnt-sze_12px ub-f-wght_500 ub-ln-ht_16px ub-ltr-spc_0 ub-pl_4px ub-pr_4px ub-ml_-4px ub-mr_-4px ub-pb_2px ub-pt_2px ub-mb_-2px ub-pst_relative ub-dspl_inline-flex ub-algn-itms_center ub-flx-wrap_nowrap ub-box-szg_border-box"
          data-active="false"
          data-testid="sort-button"
          role="button"
        >
          <div
            class="ub-dspl_inline-flex ub-ml_2px ub-box-szg_border-box"
          >
            <svg
              class="ub-w_12px ub-h_12px ub-box-szg_border-box"
              data-icon="caret-down"
              style="fill: #66788A;"
              viewBox="0 0 16 16"
            >
              <path
                d="M12 6.5c0-.28-.22-.5-.5-.5h-7a.495.495 0 00-.37.83l3.5 4c.09.1.22.17.37.17s.28-.07.37-.17l3.5-4c.08-.09.13-.2.13-.33z"
                fill-rule="evenodd"
              />
            </svg>
          </div>
        </button>
      </div>
      <div
        class="css-saeo60 css-nil ub-pl_12px ub-pr_12px ub-box-szg_border-box ub-flx_none ub-dspl_flex ub-algn-itms_center ub-flx-srnk_0 ub-ovflw-x_visible ub-ovflw-y_visible ub-w_48px"
      >
        <button
          aria-haspopup="true"
          class="css-1ii3p2c ub-fnt-fam_b77syt ub-mt_0px ub-fnt-sze_12px ub-f-wght_500 ub-ln-ht_24px ub-ltr-spc_0 ub-btrr_3px ub-bbrr_3px ub-btlr_3px ub-bblr_3px ub-pt_0px ub-pb_0px ub-pr_0px ub-pl_0px ub-ml_0px ub-mr_0px ub-mb_0px ub-h_24px ub-pst_relative ub-dspl_flex ub-algn-itms_center ub-flx-wrap_nowrap ub-w_24px ub-just-cnt_center ub-box-szg_border-box"
          data-testid="list-more-button"
          role="button"
        >
          <div
            class="ub-dspl_inline-flex ub-box-szg_border-box"
          >
            <svg
              class="ub-w_12px ub-h_12px ub-box-szg_border-box"
              data-icon="more"
              style="fill: #66788A;"
              viewBox="0 0 16 16"
            >
              <path
                d="M2 6.03a2 2 0 100 4 2 2 0 100-4zM14 6.03a2 2 0 100 4 2 2 0 100-4zM8 6.03a2 2 0 100 4 2 2 0 100-4z"
                fill-rule="evenodd"
              />
            </svg>
          </div>
        </button>
      </div>
       
      <div
        aria-hidden="true"
        style="position: fixed; top: -500px; left: -500px; width: 100px; overflow-y: scroll;"
      >
        <div />
      </div>
    </div>
    <div
      class="css-nil ub-h_240px ub-flx_1 ub-ovflw-x_hidden ub-ovflw-y_hidden ub-box-szg_border-box"
      data-evergreen-table-body="true"
    >
      <div
        style="overflow: auto; will-change: transform; height: 240px; width: 100%;"
      >
        <div
          style="position: relative; width: 100%; min-height: 100%; height: 144px;"
        >
          <div
            class="css-b5v4p5 css-nil ub-b-btm_1px-solid-EDF0F2 ub-dspl_flex ub-h_48px ub-box-szg_border-box"
            style="position: absolute; top: 0px; left: 0px; width: 100%; height: 48px;"
          >
            <div
              class="css-saeo60 css-nil ub-pl_12px ub-pr_12px ub-box-szg_border-box ub-flx_1 ub-dspl_flex ub-algn-itms_center ub-flx-srnk_0 ub-ovflw-x_hidden ub-ovflw-y_hidden"
            >
              <span
                class="ub-color_425A70 ub-fnt-fam_b77syt ub-fnt-sze_12px ub-f-wght_500 ub-ln-ht_16px ub-ltr-spc_0 ub-ml_8px ub-box-szg_border-box"
                data-testid="keyword"
              >
                foo
              </span>
            </div>
            <div
              class="css-saeo60 css-nil ub-pl_12px ub-pr_12px ub-box-szg_border-box ub-flx_none ub-dspl_flex ub-algn-itms_center ub-flx-srnk_0 ub-ovflw-x_hidden ub-ovflw-y_hidden ub-w_48px"
            >
              <button
                aria-haspopup="true"
                class="css-1ii3p2c ub-fnt-fam_b77syt ub-mt_0px ub-fnt-sze_12px ub-f-wght_500 ub-ln-ht_24px ub-ltr-spc_0 ub-btrr_3px ub-bbrr_3px ub-btlr_3px ub-bblr_3px ub-pt_0px ub-pb_0px ub-pr_0px ub-pl_0px ub-ml_0px ub-mr_0px ub-mb_0px ub-h_24px ub-pst_relative ub-dspl_flex ub-algn-itms_center ub-flx-wrap_nowrap ub-w_24px ub-just-cnt_center ub-box-szg_border-box"
                data-testid="more-button"
                role="button"
              >
                <div
                  class="ub-dspl_inline-flex ub-box-szg_border-box"
                >
                  <svg
                    class="ub-w_12px ub-h_12px ub-box-szg_border-box"
                    data-icon="more"
                    style="fill: #66788A;"
                    viewBox="0 0 16 16"
                  >
                    <path
                      d="M2 6.03a2 2 0 100 4 2 2 0 100-4zM14 6.03a2 2 0 100 4 2 2 0 100-4zM8 6.03a2 2 0 100 4 2 2 0 100-4z"
                      fill-rule="evenodd"
                    />
                  </svg>
                </div>
              </button>
            </div>
          </div>
          <div
            class="css-b5v4p5 css-nil ub-b-btm_1px-solid-EDF0F2 ub-dspl_flex ub-h_48px ub-box-szg_border-box"
            style="position: absolute; top: 48px; left: 0px; width: 100%; height: 48px;"
          >
            <div
              class="css-saeo60 css-nil ub-pl_12px ub-pr_12px ub-box-szg_border-box ub-flx_1 ub-dspl_flex ub-algn-itms_center ub-flx-srnk_0 ub-ovflw-x_hidden ub-ovflw-y_hidden"
            >
              <span
                class="ub-color_425A70 ub-fnt-fam_b77syt ub-fnt-sze_12px ub-f-wght_500 ub-ln-ht_16px ub-ltr-spc_0 ub-ml_8px ub-box-szg_border-box"
                data-testid="keyword"
              >
                bar
              </span>
            </div>
            <div
              class="css-saeo60 css-nil ub-pl_12px ub-pr_12px ub-box-szg_border-box ub-flx_none ub-dspl_flex ub-algn-itms_center ub-flx-srnk_0 ub-ovflw-x_hidden ub-ovflw-y_hidden ub-w_48px"
            >
              <button
                aria-haspopup="true"
                class="css-1ii3p2c ub-fnt-fam_b77syt ub-mt_0px ub-fnt-sze_12px ub-f-wght_500 ub-ln-ht_24px ub-ltr-spc_0 ub-btrr_3px ub-bbrr_3px ub-btlr_3px ub-bblr_3px ub-pt_0px ub-pb_0px ub-pr_0px ub-pl_0px ub-ml_0px ub-mr_0px ub-mb_0px ub-h_24px ub-pst_relative ub-dspl_flex ub-algn-itms_center ub-flx-wrap_nowrap ub-w_24px ub-just-cnt_center ub-box-szg_border-box"
                data-testid="more-button"
                role="button"
              >
                <div
                  class="ub-dspl_inline-flex ub-box-szg_border-box"
                >
                  <svg
                    class="ub-w_12px ub-h_12px ub-box-szg_border-box"
                    data-icon="more"
                    style="fill: #66788A;"
                    viewBox="0 0 16 16"
                  >
                    <path
                      d="M2 6.03a2 2 0 100 4 2 2 0 100-4zM14 6.03a2 2 0 100 4 2 2 0 100-4zM8 6.03a2 2 0 100 4 2 2 0 100-4z"
                      fill-rule="evenodd"
                    />
                  </svg>
                </div>
              </button>
            </div>
          </div>
          <div
            class="css-b5v4p5 css-nil ub-b-btm_1px-solid-EDF0F2 ub-dspl_flex ub-h_48px ub-box-szg_border-box"
            style="position: absolute; top: 96px; left: 0px; width: 100%; height: 48px;"
          >
            <div
              class="css-saeo60 css-nil ub-pl_12px ub-pr_12px ub-box-szg_border-box ub-flx_1 ub-dspl_flex ub-algn-itms_center ub-flx-srnk_0 ub-ovflw-x_hidden ub-ovflw-y_hidden"
            >
              <span
                class="ub-color_425A70 ub-fnt-fam_b77syt ub-fnt-sze_12px ub-f-wght_500 ub-ln-ht_16px ub-ltr-spc_0 ub-ml_8px ub-box-szg_border-box"
                data-testid="keyword"
              >
                /doo.*/i
              </span>
            </div>
            <div
              class="css-saeo60 css-nil ub-pl_12px ub-pr_12px ub-box-szg_border-box ub-flx_none ub-dspl_flex ub-algn-itms_center ub-flx-srnk_0 ub-ovflw-x_hidden ub-ovflw-y_hidden ub-w_48px"
            >
              <button
                aria-haspopup="true"
                class="css-1ii3p2c ub-fnt-fam_b77syt ub-mt_0px ub-fnt-sze_12px ub-f-wght_500 ub-ln-ht_24px ub-ltr-spc_0 ub-btrr_3px ub-bbrr_3px ub-btlr_3px ub-bblr_3px ub-pt_0px ub-pb_0px ub-pr_0px ub-pl_0px ub-ml_0px ub-mr_0px ub-mb_0px ub-h_24px ub-pst_relative ub-dspl_flex ub-algn-itms_center ub-flx-wrap_nowrap ub-w_24px ub-just-cnt_center ub-box-szg_border-box"
                data-testid="more-button"
                role="button"
              >
                <div
                  class="ub-dspl_inline-flex ub-box-szg_border-box"
                >
                  <svg
                    class="ub-w_12px ub-h_12px ub-box-szg_border-box"
                    data-icon="more"
                    style="fill: #66788A;"
                    viewBox="0 0 16 16"
                  >
                    <path
                      d="M2 6.03a2 2 0 100 4 2 2 0 100-4zM14 6.03a2 2 0 100 4 2 2 0 100-4zM8 6.03a2 2 0 100 4 2 2 0 100-4z"
                      fill-rule="evenodd"
                    />
                  </svg>
                </div>
              </button>
            </div>
          </div>
        </div>
      </div>
    </div>
  </div>
  <div
    class="css-nil ub-mt_16px ub-box-szg_border-box"
  >
    <div
      class="css-nil ub-dspl_flex ub-box-szg_border-box"
    >
      <div
        class="css-nil ub-dspl_flex ub-algn-itms_center ub-flx_1 ub-box-szg_border-box"
      >
        <input
          aria-invalid="false"
          class="css-5ljhhe ub-color_425A70 ub-fnt-fam_b77syt ub-fnt-sze_12px ub-f-wght_400 ub-ln-ht_16px ub-ltr-spc_0 ub-w_100prcnt ub-h_32px ub-pl_10px ub-pr_10px ub-bblr_3px ub-bbrr_0px ub-btlr_3px ub-btrr_0px ub-box-szg_border-box"
          placeholder="keywordExample"
          required=""
          spellcheck="true"
          type="text"
          value=""
        />
      </div>
      <div
        class="css-nil ub-dspl_flex ub-algn-itms_center ub-ml_-1px ub-box-szg_border-box"
      >
        <button
          class="css-nwvixr ub-fnt-fam_b77syt ub-mt_0px ub-fnt-sze_12px ub-f-wght_500 ub-ln-ht_32px ub-ltr-spc_0 ub-btrr_3px ub-bbrr_3px ub-btlr_0px ub-bblr_0px ub-pt_0px ub-pb_0px ub-pr_16px ub-pl_16px ub-ml_0px ub-mr_0px ub-mb_0px ub-h_32px ub-pst_relative ub-dspl_inline-flex ub-algn-itms_center ub-flx-wrap_nowrap ub-box-szg_border-box"
        >
          add
        </button>
      </div>
    </div>
    <p
      class="ub-color_66788A ub-fnt-fam_b77syt ub-mt_6px ub-mb_0px ub-fnt-sze_12px ub-f-wght_400 ub-ln-ht_18px ub-ltr-spc_0 ub-box-szg_border-box"
    >
      <span
        class=""
      >
        addKeywordHint
      </span>
    </p>
  </div>
  <input
    accept=".txt"
    class="hidden"
    data-testid="file-input"
    type="file"
  />
</DocumentFragment>
`;
