// Jest Snapshot v1, https://goo.gl/fbAQLP

exports[`renders correctly 1`] = `
<DocumentFragment>
  <div
    class="ub-b-top_1px-solid-E6E8F0 ub-b-rgt_1px-solid-E6E8F0 ub-b-btm_1px-solid-E6E8F0 ub-b-lft_1px-solid-E6E8F0 ub-bblr_4px ub-bbrr_4px ub-btlr_4px ub-btrr_4px ub-box-szg_border-box"
  >
    <div
      class="css-ytz3eb ub-bg_wivy90 ub-b-btm_1px-solid-E6E8F0 ub-pr_0px ub-h_32px ub-dspl_flex ub-flx-srnk_0 ub-fnt-sze_12px ub-f-wght_600 ub-ln-ht_16px ub-ltr-spc_0 ub-fnt-fam_b77syt ub-color_696f8c ub-txt-trns_uppercase ub-pb_0px ub-pl_0px ub-pt_0px ub-box-szg_border-box"
    >
      <div
        class="css-ber32g ub-box-szg_border-box ub-flx_1 ub-dspl_flex ub-algn-itms_center ub-flx-srnk_0 ub-ovflw-x_visible ub-ovflw-y_visible ub-pl_12px ub-pr_12px"
      >
        <div
          class="ub-dspl_inline-flex ub-ml_2px ub-mr_10px ub-box-szg_border-box"
        >
          <svg
            class="css-1de2wot ub-w_12px ub-h_12px ub-box-szg_border-box"
            data-icon="search"
            viewBox="0 0 16 16"
          >
            <path
              d="M15.55 13.43l-2.67-2.68a6.94 6.94 0 001.11-3.76c0-3.87-3.13-7-7-7s-7 3.13-7 7 3.13 7 7 7c1.39 0 2.68-.42 3.76-1.11l2.68 2.67a1.498 1.498 0 102.12-2.12zm-8.56-1.44c-2.76 0-5-2.24-5-5s2.24-5 5-5 5 2.24 5 5-2.24 5-5 5z"
              fill-rule="evenodd"
            />
          </svg>
        </div>
        <input
          class="css-q4k7k7 ub-fnt-sze_12px ub-f-wght_500 ub-ln-ht_16px ub-ltr-spc_0 ub-fnt-fam_b77syt ub-color_474d66 ub-flx_1 ub-ml_-2px ub-pl_0px ub-box-szg_border-box"
          placeholder="filter..."
          spellcheck="true"
          value=""
        />
      </div>
      <div
        class="css-ber32g ub-box-szg_border-box ub-flx_none ub-dspl_flex ub-algn-itms_center ub-flx-srnk_0 ub-ovflw-x_visible ub-ovflw-y_visible ub-pl_12px ub-pr_12px"
      >
        <button
          aria-haspopup="true"
          class="css-m3k0tf ub-pst_relative ub-f-wght_500 ub-dspl_inline-flex ub-algn-itms_center ub-flx-wrap_nowrap ub-just-cnt_center ub-txt-deco_none ub-ver-algn_middle ub-b-btm_none ub-b-lft_none ub-b-rgt_none ub-b-top_none ub-otln_iu2jf4 ub-usr-slct_none ub-crsr_pointer ub-wht-spc_nowrap ub-fnt-fam_b77syt ub-bg-clr_transparent ub-bblr_4px ub-bbrr_4px ub-btlr_4px ub-btrr_4px ub-pl_4px ub-pr_4px ub-ml_-4px ub-mr_-4px ub-pb_2px ub-pt_2px ub-mb_-2px ub-mt_-2px ub-color_474d66 ub-fnt-sze_12px ub-ln-ht_16px ub-box-szg_border-box"
          data-testid="sort-button"
          role="button"
          type="button"
        >
          <div
            class="ub-dspl_inline-flex ub-ml_2px ub-box-szg_border-box"
          >
            <svg
              class="css-178dftq ub-w_12px ub-h_12px ub-box-szg_border-box"
              data-icon="caret-down"
              viewBox="0 0 16 16"
            >
              <path
                d="M12 6.5c0-.28-.22-.5-.5-.5h-7a.495.495 0 00-.37.83l3.5 4c.09.1.22.17.37.17s.28-.07.37-.17l3.5-4c.08-.09.13-.2.13-.33z"
                fill-rule="evenodd"
              />
            </svg>
          </div>
        </button>
      </div>
      <div
        class="css-ber32g ub-box-szg_border-box ub-flx_none ub-dspl_flex ub-algn-itms_center ub-flx-srnk_0 ub-ovflw-x_visible ub-ovflw-y_visible ub-pl_12px ub-pr_12px ub-w_48px"
      >
        <button
          aria-haspopup="true"
          class="css-1tyjqqv ub-pst_relative ub-f-wght_400 ub-dspl_inline-flex ub-algn-itms_center ub-flx-wrap_nowrap ub-just-cnt_center ub-txt-deco_none ub-ver-algn_middle ub-b-btm_1px-solid-transparent ub-b-lft_1px-solid-transparent ub-b-rgt_1px-solid-transparent ub-b-top_1px-solid-transparent ub-otln_iu2jf4 ub-usr-slct_none ub-crsr_pointer ub-wht-spc_nowrap ub-fnt-fam_b77syt ub-bblr_4px ub-bbrr_4px ub-btlr_4px ub-btrr_4px ub-color_474d66 ub-tstn_n1akt6 ub-h_24px ub-min-w_24px ub-fnt-sze_12px ub-ln-ht_16px ub-pl_0px ub-pr_0px ub-bg-clr_transparent ub-flx_none ub-w_24px ub-ltr-spc_0 ub-box-szg_border-box"
          data-testid="list-more-button"
          role="button"
        >
          <div
            class="ub-dspl_inline-flex ub-box-szg_border-box"
          >
            <svg
              class="css-178dftq ub-w_12px ub-h_12px ub-box-szg_border-box"
              data-icon="more"
              viewBox="0 0 16 16"
            >
              <path
                d="M2 6.03a2 2 0 100 4 2 2 0 100-4zM14 6.03a2 2 0 100 4 2 2 0 100-4zM8 6.03a2 2 0 100 4 2 2 0 100-4z"
                fill-rule="evenodd"
              />
            </svg>
          </div>
        </button>
      </div>
       
      <div
        aria-hidden="true"
        style="position: fixed; top: -500px; left: -500px; width: 100px; overflow-y: scroll;"
      >
        <div />
      </div>
    </div>
    <div
      class="ub-h_240px ub-flx_1 ub-ovflw-x_hidden ub-ovflw-y_hidden ub-box-szg_border-box"
      data-evergreen-table-body="true"
    >
      <div
        style="overflow: auto; will-change: transform; height: 240px; width: 100%;"
      >
        <div
          style="position: relative; width: 100%; min-height: 100%; height: 144px;"
        >
          <div
            class="css-15su02r ub-b-btm_1px-solid-edeff5 ub-h_64px ub-dspl_flex ub-otln_iu2jf4 ub-txt-deco_none ub-bg-clr_white ub-box-szg_border-box"
            style="position: absolute; top: 0px; left: 0px; width: 100%; height: 48px;"
          >
            <div
              class="css-ber32g ub-box-szg_border-box ub-flx_1 ub-dspl_flex ub-algn-itms_center ub-flx-srnk_0 ub-ovflw-x_hidden ub-ovflw-y_hidden ub-pl_12px ub-pr_12px"
            >
              <span
                class="ub-fnt-sze_12px ub-f-wght_500 ub-ln-ht_16px ub-ltr-spc_0 ub-fnt-fam_b77syt ub-color_474d66 ub-ml_8px ub-box-szg_border-box"
                data-testid="keyword"
              >
                foo
              </span>
            </div>
            <div
              class="css-ber32g ub-box-szg_border-box ub-flx_none ub-dspl_flex ub-algn-itms_center ub-flx-srnk_0 ub-ovflw-x_hidden ub-ovflw-y_hidden ub-pl_12px ub-pr_12px ub-w_48px"
            >
              <button
                aria-haspopup="true"
                class="css-1tyjqqv ub-pst_relative ub-f-wght_400 ub-dspl_inline-flex ub-algn-itms_center ub-flx-wrap_nowrap ub-just-cnt_center ub-txt-deco_none ub-ver-algn_middle ub-b-btm_1px-solid-transparent ub-b-lft_1px-solid-transparent ub-b-rgt_1px-solid-transparent ub-b-top_1px-solid-transparent ub-otln_iu2jf4 ub-usr-slct_none ub-crsr_pointer ub-wht-spc_nowrap ub-fnt-fam_b77syt ub-bblr_4px ub-bbrr_4px ub-btlr_4px ub-btrr_4px ub-color_474d66 ub-tstn_n1akt6 ub-h_24px ub-min-w_24px ub-fnt-sze_12px ub-ln-ht_16px ub-pl_0px ub-pr_0px ub-bg-clr_transparent ub-flx_none ub-w_24px ub-ltr-spc_0 ub-box-szg_border-box"
                data-testid="more-button"
                role="button"
              >
                <div
                  class="ub-dspl_inline-flex ub-box-szg_border-box"
                >
                  <svg
                    class="css-178dftq ub-w_12px ub-h_12px ub-box-szg_border-box"
                    data-icon="more"
                    viewBox="0 0 16 16"
                  >
                    <path
                      d="M2 6.03a2 2 0 100 4 2 2 0 100-4zM14 6.03a2 2 0 100 4 2 2 0 100-4zM8 6.03a2 2 0 100 4 2 2 0 100-4z"
                      fill-rule="evenodd"
                    />
                  </svg>
                </div>
              </button>
            </div>
          </div>
          <div
            class="css-15su02r ub-b-btm_1px-solid-edeff5 ub-h_64px ub-dspl_flex ub-otln_iu2jf4 ub-txt-deco_none ub-bg-clr_white ub-box-szg_border-box"
            style="position: absolute; top: 48px; left: 0px; width: 100%; height: 48px;"
          >
            <div
              class="css-ber32g ub-box-szg_border-box ub-flx_1 ub-dspl_flex ub-algn-itms_center ub-flx-srnk_0 ub-ovflw-x_hidden ub-ovflw-y_hidden ub-pl_12px ub-pr_12px"
            >
              <span
                class="ub-fnt-sze_12px ub-f-wght_500 ub-ln-ht_16px ub-ltr-spc_0 ub-fnt-fam_b77syt ub-color_474d66 ub-ml_8px ub-box-szg_border-box"
                data-testid="keyword"
              >
                bar
              </span>
            </div>
            <div
              class="css-ber32g ub-box-szg_border-box ub-flx_none ub-dspl_flex ub-algn-itms_center ub-flx-srnk_0 ub-ovflw-x_hidden ub-ovflw-y_hidden ub-pl_12px ub-pr_12px ub-w_48px"
            >
              <button
                aria-haspopup="true"
                class="css-1tyjqqv ub-pst_relative ub-f-wght_400 ub-dspl_inline-flex ub-algn-itms_center ub-flx-wrap_nowrap ub-just-cnt_center ub-txt-deco_none ub-ver-algn_middle ub-b-btm_1px-solid-transparent ub-b-lft_1px-solid-transparent ub-b-rgt_1px-solid-transparent ub-b-top_1px-solid-transparent ub-otln_iu2jf4 ub-usr-slct_none ub-crsr_pointer ub-wht-spc_nowrap ub-fnt-fam_b77syt ub-bblr_4px ub-bbrr_4px ub-btlr_4px ub-btrr_4px ub-color_474d66 ub-tstn_n1akt6 ub-h_24px ub-min-w_24px ub-fnt-sze_12px ub-ln-ht_16px ub-pl_0px ub-pr_0px ub-bg-clr_transparent ub-flx_none ub-w_24px ub-ltr-spc_0 ub-box-szg_border-box"
                data-testid="more-button"
                role="button"
              >
                <div
                  class="ub-dspl_inline-flex ub-box-szg_border-box"
                >
                  <svg
                    class="css-178dftq ub-w_12px ub-h_12px ub-box-szg_border-box"
                    data-icon="more"
                    viewBox="0 0 16 16"
                  >
                    <path
                      d="M2 6.03a2 2 0 100 4 2 2 0 100-4zM14 6.03a2 2 0 100 4 2 2 0 100-4zM8 6.03a2 2 0 100 4 2 2 0 100-4z"
                      fill-rule="evenodd"
                    />
                  </svg>
                </div>
              </button>
            </div>
          </div>
          <div
            class="css-15su02r ub-b-btm_1px-solid-edeff5 ub-h_64px ub-dspl_flex ub-otln_iu2jf4 ub-txt-deco_none ub-bg-clr_white ub-box-szg_border-box"
            style="position: absolute; top: 96px; left: 0px; width: 100%; height: 48px;"
          >
            <div
              class="css-ber32g ub-box-szg_border-box ub-flx_1 ub-dspl_flex ub-algn-itms_center ub-flx-srnk_0 ub-ovflw-x_hidden ub-ovflw-y_hidden ub-pl_12px ub-pr_12px"
            >
              <span
                class="ub-fnt-sze_12px ub-f-wght_500 ub-ln-ht_16px ub-ltr-spc_0 ub-fnt-fam_b77syt ub-color_474d66 ub-ml_8px ub-box-szg_border-box"
                data-testid="keyword"
              >
                /doo.*/i
              </span>
            </div>
            <div
              class="css-ber32g ub-box-szg_border-box ub-flx_none ub-dspl_flex ub-algn-itms_center ub-flx-srnk_0 ub-ovflw-x_hidden ub-ovflw-y_hidden ub-pl_12px ub-pr_12px ub-w_48px"
            >
              <button
                aria-haspopup="true"
                class="css-1tyjqqv ub-pst_relative ub-f-wght_400 ub-dspl_inline-flex ub-algn-itms_center ub-flx-wrap_nowrap ub-just-cnt_center ub-txt-deco_none ub-ver-algn_middle ub-b-btm_1px-solid-transparent ub-b-lft_1px-solid-transparent ub-b-rgt_1px-solid-transparent ub-b-top_1px-solid-transparent ub-otln_iu2jf4 ub-usr-slct_none ub-crsr_pointer ub-wht-spc_nowrap ub-fnt-fam_b77syt ub-bblr_4px ub-bbrr_4px ub-btlr_4px ub-btrr_4px ub-color_474d66 ub-tstn_n1akt6 ub-h_24px ub-min-w_24px ub-fnt-sze_12px ub-ln-ht_16px ub-pl_0px ub-pr_0px ub-bg-clr_transparent ub-flx_none ub-w_24px ub-ltr-spc_0 ub-box-szg_border-box"
                data-testid="more-button"
                role="button"
              >
                <div
                  class="ub-dspl_inline-flex ub-box-szg_border-box"
                >
                  <svg
                    class="css-178dftq ub-w_12px ub-h_12px ub-box-szg_border-box"
                    data-icon="more"
                    viewBox="0 0 16 16"
                  >
                    <path
                      d="M2 6.03a2 2 0 100 4 2 2 0 100-4zM14 6.03a2 2 0 100 4 2 2 0 100-4zM8 6.03a2 2 0 100 4 2 2 0 100-4z"
                      fill-rule="evenodd"
                    />
                  </svg>
                </div>
              </button>
            </div>
          </div>
        </div>
      </div>
    </div>
  </div>
  <div
    class="ub-mt_16px ub-box-szg_border-box"
  >
    <div
      class="ub-dspl_flex ub-box-szg_border-box"
    >
      <div
        class="ub-dspl_flex ub-algn-itms_center ub-flx_1 ub-box-szg_border-box"
      >
        <input
          aria-invalid="false"
          class="css-12rdf6g ub-w_100prcnt ub-fnt-fam_b77syt ub-b-btm_1px-solid-transparent ub-b-lft_1px-solid-transparent ub-b-rgt_1px-solid-transparent ub-b-top_1px-solid-transparent ub-otln_iu2jf4 ub-txt-deco_none ub-bblr_4px ub-bbrr_0px ub-btlr_4px ub-btrr_0px ub-ln-ht_16px ub-fnt-sze_12px ub-color_474d66 ub-pl_12px ub-pr_12px ub-tstn_n1akt6 ub-h_32px ub-bg-clr_white ub-b-btm-clr_d8dae5 ub-b-lft-clr_d8dae5 ub-b-rgt-clr_d8dae5 ub-b-top-clr_d8dae5 ub-box-szg_border-box"
          placeholder="keywordExample"
          required=""
          spellcheck="true"
          type="text"
          value=""
        />
      </div>
      <div
        class="ub-dspl_flex ub-algn-itms_center ub-ml_-1px ub-box-szg_border-box"
      >
        <button
          class="css-elp417 ub-pst_relative ub-f-wght_500 ub-dspl_inline-flex ub-algn-itms_center ub-flx-wrap_nowrap ub-just-cnt_center ub-txt-deco_none ub-ver-algn_middle ub-b-btm_1px-solid-transparent ub-b-lft_1px-solid-transparent ub-b-rgt_1px-solid-transparent ub-b-top_1px-solid-transparent ub-otln_iu2jf4 ub-usr-slct_none ub-crsr_pointer ub-wht-spc_nowrap ub-fnt-fam_b77syt ub-bblr_0px ub-bbrr_4px ub-btlr_0px ub-btrr_4px ub-color_white ub-tstn_n1akt6 ub-h_32px ub-min-w_32px ub-fnt-sze_12px ub-ln-ht_32px ub-pl_16px ub-pr_16px ub-bg-clr_3366FF ub-b-btm-clr_3366FF ub-b-lft-clr_3366FF ub-b-rgt-clr_3366FF ub-b-top-clr_3366FF ub-box-szg_border-box"
        >
          add
        </button>
      </div>
    </div>
    <p
      class="ub-fnt-fam_b77syt ub-color_696f8c ub-mt_6px ub-mb_0px ub-fnt-sze_12px ub-f-wght_400 ub-ln-ht_18px ub-ltr-spc_0 ub-box-szg_border-box"
    >
      <span
        class=""
      >
        addKeywordHint
      </span>
    </p>
  </div>
  <input
    accept=".txt"
    class="hidden"
    data-testid="file-input"
    type="file"
  />
</DocumentFragment>
`;
