// Jest Snapshot v1, https://goo.gl/fbAQLP

exports[`renders correctly 1`] = `
<DocumentFragment>
  <div
    class="css-nil ub-dspl_flex ub-box-szg_border-box"
  >
    <div
      class="css-nil ub-dspl_flex ub-algn-itms_center ub-flx_1 ub-box-szg_border-box"
    >
      <span
        class="ub-color_425A70 ub-fnt-fam_b77syt ub-fnt-sze_14px ub-f-wght_400 ub-ln-ht_20px ub-ltr-spc_-0-05px ub-box-szg_border-box"
      />
    </div>
    <div
      class="css-nil ub-dspl_flex ub-algn-itms_center ub-box-szg_border-box"
    >
      <div
        class="custom-segmented-control ub-dspl_flex ub-mr_-1px ub-h_32px ub-box-szg_border-box"
      >
        <div
          class="css-3grw6g css-4b8qak ub-btlr_3px ub-bblr_3px ub-box-szg_border-box"
          data-active="true"
        >
          <input
            checked=""
            class="css-87b09r"
            id="SegmentedControl-10"
            name="SegmentedControl-1"
            type="radio"
            value="option-1"
          />
          <label
            class="css-17kak1e ub-color_425A70 ub-fnt-fam_b77syt ub-fnt-sze_12px ub-f-wght_500 ub-ln-ht_16px ub-ltr-spc_0 ub-crsr_pointer ub-box-szg_border-box"
            for="SegmentedControl-10"
          >
            Option 1
          </label>
        </div>
        <div
          class="css-3grw6g css-4b8qak ub-box-szg_border-box"
          data-active="false"
        >
          <input
            class="css-87b09r"
            id="SegmentedControl-11"
            name="SegmentedControl-1"
            type="radio"
            value="option-2"
          />
          <label
            class="css-17kak1e ub-color_425A70 ub-fnt-fam_b77syt ub-fnt-sze_12px ub-f-wght_500 ub-ln-ht_16px ub-ltr-spc_0 ub-crsr_pointer ub-box-szg_border-box"
            for="SegmentedControl-11"
          >
            Option 2
          </label>
        </div>
        <div
          class="css-3grw6g css-4b8qak ub-btrr_3px ub-bbrr_3px ub-box-szg_border-box"
          data-active="false"
        >
          <input
            class="css-87b09r"
            id="SegmentedControl-12"
            name="SegmentedControl-1"
            type="radio"
            value="option-3"
          />
          <label
            class="css-17kak1e ub-color_425A70 ub-fnt-fam_b77syt ub-fnt-sze_12px ub-f-wght_500 ub-ln-ht_16px ub-ltr-spc_0 ub-crsr_pointer ub-box-szg_border-box"
            for="SegmentedControl-12"
          >
            Option 3
          </label>
        </div>
      </div>
    </div>
  </div>
</DocumentFragment>
`;
