// Jest Snapshot v1, https://goo.gl/fbAQLP

exports[`renders correctly 1`] = `
<DocumentFragment>
  <div
    class="ub-box-szg_border-box"
  >
    <div
      class="ub-dspl_flex ub-box-szg_border-box"
    >
      <div
        class="ub-dspl_flex ub-algn-itms_center ub-flx_1 ub-box-szg_border-box"
      >
        <span
          class="ub-fnt-sze_14px ub-f-wght_400 ub-ln-ht_20px ub-ltr-spc_-0-05px ub-fnt-fam_b77syt ub-color_474d66 ub-box-szg_border-box"
        >
          My field
        </span>
      </div>
      <div
        class="ub-dspl_flex ub-algn-itms_center ub-box-szg_border-box"
      >
        <button
          aria-haspopup="true"
          class="css-12b25td ub-pst_relative ub-f-wght_500 ub-dspl_inline-flex ub-algn-itms_center ub-flx-wrap_nowrap ub-just-cnt_center ub-txt-deco_none ub-ver-algn_middle ub-b-btm_1px-solid-c1c4d6 ub-b-lft_1px-solid-c1c4d6 ub-b-rgt_1px-solid-c1c4d6 ub-b-top_1px-solid-c1c4d6 ub-otln_iu2jf4 ub-usr-slct_none ub-crsr_pointer ub-wht-spc_nowrap ub-fnt-fam_b77syt ub-bblr_4px ub-bbrr_4px ub-btlr_4px ub-btrr_4px ub-color_474d66 ub-tstn_n1akt6 ub-h_32px ub-min-w_32px ub-fnt-sze_12px ub-ln-ht_32px ub-pl_16px ub-pr_16px ub-bg-clr_white ub-box-szg_border-box"
          role="button"
        >
          ...
          <div
            class="ub-dspl_inline-flex ub-ml_10px ub-mr_-4px ub-box-szg_border-box"
          >
            <svg
              class="css-c4d79v ub-w_14px ub-h_14px ub-box-szg_border-box"
              data-icon="caret-down"
              viewBox="0 0 16 16"
            >
              <path
                d="M12 6.5c0-.28-.22-.5-.5-.5h-7a.495.495 0 00-.37.83l3.5 4c.09.1.22.17.37.17s.28-.07.37-.17l3.5-4c.08-.09.13-.2.13-.33z"
                fill-rule="evenodd"
              />
            </svg>
          </div>
        </button>
      </div>
    </div>
  </div>
</DocumentFragment>
`;
